============================= test session starts =============================
platform win32 -- Python 3.12.8, pytest-9.0.2, pluggy-1.6.0 -- C:\Users\fsoza\PycharmProjects\homebox-companion\.venv\Scripts\python.exe
cachedir: .pytest_cache
rootdir: C:\Users\fsoza\PycharmProjects\homebox-companion
configfile: pyproject.toml
plugins: anyio-4.12.1, asyncio-1.3.0
asyncio: mode=Mode.STRICT, debug=False, asyncio_default_fixture_loop_scope=None, asyncio_default_test_loop_scope=function
collecting ... collected 12 items

tests/test_llm_fallback.py::TestRouterConstruction::test_get_primary_model_name_returns_primary PASSED [  8%]
tests/test_llm_fallback.py::TestRouterConstruction::test_router_built_from_primary_profile PASSED [ 16%]
tests/test_llm_fallback.py::TestRouterConstruction::test_router_includes_fallback_deployment PASSED [ 25%]
tests/test_llm_fallback.py::TestRouterConstruction::test_router_fallback_inherits_api_key PASSED [ 33%]
tests/test_llm_fallback.py::TestRouterSingleton::test_get_router_returns_same_instance PASSED [ 41%]
tests/test_llm_fallback.py::TestRouterSingleton::test_invalidate_router_clears_singleton PASSED [ 50%]
tests/test_llm_fallback.py::TestRouterFallbackBehavior::test_router_fallback_chain_configured PASSED [ 58%]
tests/test_llm_fallback.py::TestLLMClientWithRouter::test_llm_client_uses_router PASSED [ 66%]
tests/test_llm_fallback.py::TestLLMClientWithRouter::test_llm_client_streaming_uses_router PASSED [ 75%]
tests/test_llm_fallback.py::TestJsonCompletionWithRouter::test_json_completion_uses_router PASSED [ 83%]
tests/test_llm_fallback.py::TestJsonCompletionWithRouter::test_json_completion_triggers_repair_on_invalid_json PASSED [ 91%]
tests/test_llm_fallback.py::TestSettingsInvalidation::test_save_settings_invalidates_router PASSED [100%]

============================== warnings summary ===============================
tests/test_llm_fallback.py::TestRouterConstruction::test_get_primary_model_name_returns_primary
  tests\test_llm_fallback.py:38: PytestWarning: The test <Function test_get_primary_model_name_returns_primary> is marked with '@pytest.mark.asyncio' but it is not an async function. Please remove the asyncio mark. If the test is not marked explicitly, check for global marks applied via 'pytestmark'.
    def test_get_primary_model_name_returns_primary(self) -> None:

tests/test_llm_fallback.py::TestRouterConstruction::test_router_built_from_primary_profile
  tests\test_llm_fallback.py:42: PytestWarning: The test <Function test_router_built_from_primary_profile> is marked with '@pytest.mark.asyncio' but it is not an async function. Please remove the asyncio mark. If the test is not marked explicitly, check for global marks applied via 'pytestmark'.
    def test_router_built_from_primary_profile(self) -> None:

tests/test_llm_fallback.py::TestRouterConstruction::test_router_includes_fallback_deployment
  tests\test_llm_fallback.py:71: PytestWarning: The test <Function test_router_includes_fallback_deployment> is marked with '@pytest.mark.asyncio' but it is not an async function. Please remove the asyncio mark. If the test is not marked explicitly, check for global marks applied via 'pytestmark'.
    def test_router_includes_fallback_deployment(self) -> None:

tests/test_llm_fallback.py::TestRouterConstruction::test_router_fallback_inherits_api_key
  tests\test_llm_fallback.py:107: PytestWarning: The test <Function test_router_fallback_inherits_api_key> is marked with '@pytest.mark.asyncio' but it is not an async function. Please remove the asyncio mark. If the test is not marked explicitly, check for global marks applied via 'pytestmark'.
    def test_router_fallback_inherits_api_key(self) -> None:

tests/test_llm_fallback.py::TestRouterSingleton::test_get_router_returns_same_instance
  tests\test_llm_fallback.py:143: PytestWarning: The test <Function test_get_router_returns_same_instance> is marked with '@pytest.mark.asyncio' but it is not an async function. Please remove the asyncio mark. If the test is not marked explicitly, check for global marks applied via 'pytestmark'.
    def test_get_router_returns_same_instance(self) -> None:

tests/test_llm_fallback.py::TestRouterSingleton::test_invalidate_router_clears_singleton
  tests\test_llm_fallback.py:169: PytestWarning: The test <Function test_invalidate_router_clears_singleton> is marked with '@pytest.mark.asyncio' but it is not an async function. Please remove the asyncio mark. If the test is not marked explicitly, check for global marks applied via 'pytestmark'.
    def test_invalidate_router_clears_singleton(self) -> None:

tests/test_llm_fallback.py::TestSettingsInvalidation::test_save_settings_invalidates_router
  tests\test_llm_fallback.py:453: PytestWarning: The test <Function test_save_settings_invalidates_router> is marked with '@pytest.mark.asyncio' but it is not an async function. Please remove the asyncio mark. If the test is not marked explicitly, check for global marks applied via 'pytestmark'.
    def test_save_settings_invalidates_router(self) -> None:

-- Docs: https://docs.pytest.org/en/stable/how-to/capture-warnings.html
======================= 12 passed, 7 warnings in 2.78s ========================
